  [1/105] 90FEET                   N=. P=(33.665,75.163) A=(33.678,74.862)
  [2/105] ABOORA                   N=(34.057,74.536) P=(34.057,74.536) A=(34.057,74.533)
  [3/105] ACHGUZE                  N=. P=(33.665,75.163) A=(33.678,74.862)
  [4/105] ANANTNAGH                N=(33.746,75.185) P=(33.665,75.163) A=(33.730,75.150)
  [5/105] ARIN                     N=. P=(33.665,75.163) A=(33.678,74.862)
  [6/105] ARIZAL                   N=. P=(33.665,75.163) A=(33.837,74.485)
  [7/105] BADERKOTE                N=(34.042,74.459) P=(34.042,74.459) A=(33.678,74.862)
  [8/105] BADRUN                   N=. P=(33.665,75.163) A=(34.034,74.549)
  [9/105] BAGHAT SHORA             N=. P=(34.042,74.802) A=(34.279,74.440)
  [10/105] BANKOOT                  N=. P=(33.665,75.163) A=(33.678,74.862)
  [11/105] BEERU                    N=. P=(33.665,75.163) A=(33.678,74.862)
  [12/105] BOHRIKADAL               N=. P=(33.665,75.163) A=(33.006,75.591)
  [13/105] BONE JOINT HOSPITAL BARZALLA N=. P=(34.049,74.805) A=(34.049,74.804)
  [14/105] BOTINGUE                 N=. P=(33.665,75.163) A=(34.372,74.489)
  [15/105] BUGAM                    N=(33.690,75.027) P=(33.690,75.027) A=(33.689,75.026)
  [16/105] BY PASS                  N=. P=(33.694,75.193) A=(34.275,74.794)
  [17/105] CHAKIL PORA              N=. P=(34.126,74.796) A=(33.795,75.367)
  [18/105] CHARISHREEF              N=. P=(33.665,75.163) A=(33.862,74.770)
  [19/105] CHEWDARA                 N=(34.027,74.606) P=(34.028,74.604) A=(34.020,74.591)
  [20/105] CHOWGUND                 N=. P=(33.665,75.163) A=(33.678,74.862)
  [21/105] CHUNTWALIWAR             N=. P=(33.665,75.163) A=(33.678,74.862)
  [22/105] DARDPORA                 N=(34.509,74.084) P=(34.509,74.084) A=(34.005,74.707)
  [23/105] DEVSUR                   N=. P=(33.665,75.163) A=(33.640,75.093)
  [24/105] DHPORA                   N=. P=(33.665,75.163) A=(33.651,75.024)
  [25/105] EASTERN AREA OF SRINAGAR CITY N=. P=(34.073,74.826) A=(34.072,74.804)
  [26/105] EXB CROSSING             N=. P=(32.566,74.675) A=(33.678,74.862)
  [27/105] EXCROSSING               N=. P=(33.665,75.163) A=(34.025,74.003)
  [28/105] FATHGATH                 N=. P=(33.665,75.163) A=(33.678,74.862)
  [29/105] GADOORA                  N=. P=(33.665,75.163) A=(34.175,74.783)
  [30/105] GAGULDARA                N=. P=(33.665,75.163) A=(33.847,75.348)
  [31/105] GARKOTE                  N=. P=(33.665,75.163) A=(33.678,74.862)
  [32/105] GAZRIYAL                 N=. P=(33.665,75.163) A=(34.534,74.131)
  [33/105] GBS                      N=. P=(33.665,75.163) A=(33.678,74.862)
  [34/105] GULABAGH                 N=. P=(33.665,75.163) A=(34.180,74.817)
  [35/105] HAFTNAR                  N=. P=(33.665,75.163) A=(33.831,75.341)
  [36/105] HARMAN                   N=. P=(33.665,75.163) A=(33.710,74.926)
  [37/105] HEFF                     N=. P=(33.665,75.163) A=(33.796,74.973)
  [38/105] IJARA                    N=. P=(33.665,75.163) A=(34.180,74.235)
  [39/105] ILLAHIBAGH               N=. P=(33.665,75.163) A=(34.152,74.811)
  [40/105] ISGANDERPORA             N=. P=(33.665,75.163) A=(34.026,74.568)
  [41/105] JEHANGIR CHOWK           N=. P=(34.072,74.805) A=(34.054,74.804)
  [42/105] KACHOO                   N=. P=(33.665,75.163) A=(33.678,74.862)
  [43/105] KAMALKOTE                N=. P=(33.665,75.163) A=(34.131,73.964)
  [44/105] KAPRIN                   N=(33.669,74.904) P=(33.669,74.904) A=(33.453,75.368)
  [45/105] KAPRUN                   N=. P=(33.665,75.163) A=(33.453,75.368)
  [46/105] KAPWARA                  N=. P=(33.665,75.163) A=(34.525,74.260)
  [47/105] KARHAMA                  N=(34.062,74.519) P=(34.062,74.519) A=(33.980,74.708)
  [48/105] KATROSOO                 N=. P=(33.665,75.163) A=(33.687,74.995)
  [49/105] KELLER                   N=. P=(33.665,75.163) A=(33.763,74.766)
  [50/105] KHAG                     N=(33.999,74.531) P=(33.930,74.493) A=(34.019,74.494)
  [51/105] KHAYA                    N=. P=(34.083,74.822) A=(34.472,74.631)
  [52/105] KHERUM                   N=. P=(33.665,75.163) A=(33.678,74.862)
  [53/105] KHOOR                    N=(34.582,74.132) P=(33.665,75.163) A=(32.604,74.810)
  [54/105] KHULL AHMADABAD          N=. P=(32.667,74.875) A=(33.596,74.958)
  [55/105] KHUMANI CHOWK            N=. P=(34.031,74.905) A=(34.055,74.746)
  [56/105] KOIL                     N=(33.875,74.950) P=(33.875,74.950) A=(33.678,74.862)
  [57/105] KUPWARA DAY              N=. P=(34.549,74.239) A=(34.525,74.260)
  [58/105] KUPWRA                   N=. P=(33.665,75.163) A=(34.525,74.260)
  [59/105] LAMMER                   N=. P=(33.665,75.163) A=(33.114,74.356)
  [60/105] LETTAR                   N=. P=(33.665,75.163) A=(33.052,74.620)
  [61/105] LETTER                   N=. P=(33.665,75.163) A=(33.678,74.862)
  [62/105] LOOLPORA                 N=. P=(33.665,75.163) A=(33.858,74.688)
  [63/105] MAIDANAN                 N=. P=(33.665,75.163) A=(34.040,74.208)
  [64/105] MALANGAM                 N=. P=(33.665,75.163) A=(34.453,74.565)
  [65/105] MATIGAWRAN               N=. P=(33.665,75.163) A=(32.499,75.785)
  [66/105] MAWAN                    N=. P=(33.665,75.163) A=(34.335,74.617)
  [67/105] MILYAAL                  N=. P=(33.665,75.163) A=(34.556,74.095)
  [68/105] MIRPORA BUDGAM           N=(34.042,74.621) P=(34.042,74.621) A=(34.024,74.611)
  [69/105] MOMINABAD TENGPORA       N=. P=(34.228,74.780) A=(34.229,74.780)
  [70/105] NALLAMAR ROAD            N=. P=(34.134,74.837) A=(33.678,74.862)
  [71/105] NAMBIA                   N=. P=(33.665,75.163) A=(34.070,74.111)
  [72/105] NARISTAN                 N=. P=(33.665,75.163) A=(34.055,75.101)
  [73/105] NARWARA BUDGAM           N=. P=(34.037,74.625) A=(34.031,74.737)
  [74/105] NEHAMA                   N=(33.635,74.895) P=(33.635,74.895) A=(34.375,74.341)
  [75/105] NEW KHANDA               N=. P=(33.915,74.883) A=(33.965,74.855)
  [76/105] PAKHERPORA               N=(33.815,74.764) P=(33.815,74.764) A=(33.927,74.519)
  [77/105] PARIWAN                  N=(33.663,74.924) P=(33.663,74.924) A=(33.666,74.936)
  [78/105] PASTHOON                 N=. P=(33.665,75.163) A=(33.992,75.076)
  [79/105] PEHILPORA                N=. P=(33.665,75.163) A=(34.190,74.210)
  [80/105] PHALGAM                  N=. P=(33.665,75.163) A=(34.014,75.318)
  [81/105] PINGLISH                 N=(33.913,75.132) P=(33.913,75.132) A=(33.898,75.138)
  [82/105] RASOO                    N=. P=(34.105,74.810) A=(34.063,74.633)
  [83/105] RATNIPURA                N=. P=(33.665,75.163) A=(33.917,74.948)
  [84/105] RATSUN                   N=. P=(33.665,75.163) A=(34.059,74.594)
  [85/105] SAFAPORA GBL             N=. P=(34.260,74.667) A=(34.265,74.684)
  [86/105] SAFAPORA SUMBAL          N=(34.254,74.663) P=(34.254,74.663) A=(34.265,74.684)
  [87/105] SAKIDAFAR                N=. P=(33.665,75.163) A=(33.678,74.862)
  [88/105] SANGERWANI               N=. P=(33.665,75.163) A=(33.798,74.727)
  [89/105] SCRAPED                  N=. P=(33.665,75.163) A=(33.678,74.862)
  [90/105] SCRAPPED                 N=. P=(33.665,75.163) A=(33.678,74.862)
  [91/105] SEDOW                    N=(33.664,74.785) P=(33.664,74.785) A=(33.678,74.862)
  [92/105] SHANGLIPORA              N=. P=(33.665,75.163) A=(33.956,74.500)
  [93/105] SHEIKHPORA KAKUTHAL      N=. P=(33.673,74.939) A=(33.716,75.340)
  [94/105] TANGDAR                  N=. P=(33.745,75.473) A=(34.420,73.875)
  [95/105] TARTHPORA                N=. P=(33.665,75.163) A=(33.224,75.877)
  [96/105] TRAL DADSUR              N=. P=(33.985,75.147) A=(33.929,75.108)
  [97/105] TREHGAM KUP              N=. P=(34.509,74.169) A=(34.526,74.179)
  [98/105] UTTERSOO                 N=(33.708,75.302) P=(33.708,75.306) A=(33.709,75.306)
  [99/105] VAILO                    N=. P=(33.665,75.163) A=(33.678,74.862)
  [100/105] VIA SHALIMAR             N=. P=(34.150,74.873) A=(34.152,74.877)
  [101/105] VIJIPOPRA                N=. P=(33.665,75.163) A=(34.281,74.612)
  [102/105] WASOORA                  N=. P=(33.665,75.163) A=(33.826,74.972)
  [103/105] ZACHALDAR                N=. P=(33.665,75.163) A=(34.406,74.199)
  [104/105] ZALOORA                  N=. P=(33.665,75.163) A=(34.380,74.375)
  [105/105] ZURHAMA                  N=. P=(33.665,75.163) A=(34.562,74.178)
detected fallback/collapse points: {(33.68, 74.86), (34.05, 74.8), (33.66, 75.16), (34.52, 74.26)}

RESOLVED 79/105  (high=19 med=5 low=55)
UNRESOLVED 26 -> need district fallback (R3)
