[INFO] Geocoder backend: nominatim (OSM)
============================================================
OTHER-ROUTES GEOCODER — Kashmir Transit Engine
============================================================
[INFO] Loaded 208 routes from Other-routes.csv
[INFO] Filtered out 32 EBus routes (already SSCL backbone)
[INFO] Filtered out 7 MTS Bus routes (inter-state, out of area); KEPT 1 in-valley MTS airport link (F-V4a)
[INFO] Remaining: 169 routes to geocode
[INFO] Found 120 unique locations
[INFO] Already cached: 33
[INFO] Need to geocode: 87
  [1/87] Geocoding: 'FATHGATH'
  [FAIL] Could not place 'FATHGATH' (see geocode_failures.csv)
  [2/87] Geocoding: 'UTTERSOO'
  [FAIL] Could not place 'UTTERSOO' (see geocode_failures.csv)
  [3/87] Geocoding: 'IJARA'
  [FAIL] Could not place 'IJARA' (see geocode_failures.csv)
  [4/87] Geocoding: 'BANKOOT'
  [FAIL] Could not place 'BANKOOT' (see geocode_failures.csv)
  [5/87] Geocoding: 'KOIL'
  [FAIL] Could not place 'KOIL' (see geocode_failures.csv)
  [6/87] Geocoding: 'PHALGAM'
  [FAIL] Could not place 'PHALGAM' (see geocode_failures.csv)
  [7/87] Geocoding: 'DEVSUR'
  [FAIL] Could not place 'DEVSUR' (see geocode_failures.csv)
  [8/87] Geocoding: 'KUPWRA'
  [FAIL] Could not place 'KUPWRA' (see geocode_failures.csv)
  [9/87] Geocoding: 'ISGANDERPORA'
  [FAIL] Could not place 'ISGANDERPORA' (see geocode_failures.csv)
  [10/87] Geocoding: 'TREHGAM KUP'
  [FAIL] Could not place 'TREHGAM KUP' (see geocode_failures.csv)
  [11/87] Geocoding: 'CHARISHREEF'
  [FAIL] Could not place 'CHARISHREEF' (see geocode_failures.csv)
  [12/87] Geocoding: 'HAFTNAR'
  [FAIL] Could not place 'HAFTNAR' (see geocode_failures.csv)
  [13/87] Geocoding: 'WASOORA'
  [FAIL] Could not place 'WASOORA' (see geocode_failures.csv)
  [14/87] Geocoding: 'LOOLPORA'
  [FAIL] Could not place 'LOOLPORA' (see geocode_failures.csv)
  [15/87] Geocoding: 'RATSUN'
  [FAIL] Could not place 'RATSUN' (see geocode_failures.csv)
  [16/87] Geocoding: 'LAMMER'
  [FAIL] Could not place 'LAMMER' (see geocode_failures.csv)
  [17/87] Geocoding: 'PEHILPORA'
  [FAIL] Could not place 'PEHILPORA' (see geocode_failures.csv)
  [18/87] Geocoding: 'PINGLISH'
  [FAIL] Could not place 'PINGLISH' (see geocode_failures.csv)
  [19/87] Geocoding: 'KAPRUN'
  [FAIL] Could not place 'KAPRUN' (see geocode_failures.csv)
  [20/87] Geocoding: 'MILYAAL'
  [FAIL] Could not place 'MILYAAL' (see geocode_failures.csv)
  [21/87] Geocoding: 'KARHAMA'
  [FAIL] Could not place 'KARHAMA' (see geocode_failures.csv)
  [22/87] Geocoding: 'SEDOW'
  [FAIL] Could not place 'SEDOW' (see geocode_failures.csv)
  [23/87] Geocoding: 'ZURHAMA'
  [FAIL] Could not place 'ZURHAMA' (see geocode_failures.csv)
  [24/87] Geocoding: 'MATIGAWRAN'
  [FAIL] Could not place 'MATIGAWRAN' (see geocode_failures.csv)
  [25/87] Geocoding: 'BUGAM'
  [FAIL] Could not place 'BUGAM' (see geocode_failures.csv)
  [26/87] Geocoding: 'KUPWARA DAY'
  [FAIL] Could not place 'KUPWARA DAY' (see geocode_failures.csv)
  [27/87] Geocoding: 'VAILO'
  [FAIL] Could not place 'VAILO' (see geocode_failures.csv)
  [28/87] Geocoding: 'BOTINGUE'
  [FAIL] Could not place 'BOTINGUE' (see geocode_failures.csv)
  [29/87] Geocoding: 'PASTHOON'
  [FAIL] Could not place 'PASTHOON' (see geocode_failures.csv)
  [30/87] Geocoding: 'PARIWAN'
  [FAIL] Could not place 'PARIWAN' (see geocode_failures.csv)
  [31/87] Geocoding: 'NARWARA BUDGAM'
  [FAIL] Could not place 'NARWARA BUDGAM' (see geocode_failures.csv)
  [32/87] Geocoding: 'KAPWARA'
  [FAIL] Could not place 'KAPWARA' (see geocode_failures.csv)
  [33/87] Geocoding: 'BADERKOTE'
  [FAIL] Could not place 'BADERKOTE' (see geocode_failures.csv)
  [34/87] Geocoding: 'GAZRIYAL'
  [FAIL] Could not place 'GAZRIYAL' (see geocode_failures.csv)
  [35/87] Geocoding: 'ANANTNAGH'
  [FAIL] Could not place 'ANANTNAGH' (see geocode_failures.csv)
  [36/87] Geocoding: 'KAMALKOTE'
  [FAIL] Could not place 'KAMALKOTE' (see geocode_failures.csv)
  [37/87] Geocoding: 'KATROSOO'
  [FAIL] Could not place 'KATROSOO' (see geocode_failures.csv)
  [38/87] Geocoding: 'MAWAN'
  [FAIL] Could not place 'MAWAN' (see geocode_failures.csv)
  [39/87] Geocoding: 'KHULL AHMADABAD'
  [FAIL] Could not place 'KHULL AHMADABAD' (see geocode_failures.csv)
  [40/87] Geocoding: 'CHOWGUND'
  [FAIL] Could not place 'CHOWGUND' (see geocode_failures.csv)
  [41/87] Geocoding: 'SAFAPORA SUMBAL'
  [FAIL] Could not place 'SAFAPORA SUMBAL' (see geocode_failures.csv)
  [42/87] Geocoding: 'NAMBIA'
  [FAIL] Could not place 'NAMBIA' (see geocode_failures.csv)
  [43/87] Geocoding: 'BADRUN'
  [FAIL] Could not place 'BADRUN' (see geocode_failures.csv)
  [44/87] Geocoding: 'NEHAMA'
  [FAIL] Could not place 'NEHAMA' (see geocode_failures.csv)
  [45/87] Geocoding: 'SHEIKHPORA KAKUTHAL'
  [FAIL] Could not place 'SHEIKHPORA KAKUTHAL' (see geocode_failures.csv)
  [46/87] Geocoding: 'ZACHALDAR'
  [FAIL] Could not place 'ZACHALDAR' (see geocode_failures.csv)
  [47/87] Geocoding: 'ARIZAL'
  [FAIL] Could not place 'ARIZAL' (see geocode_failures.csv)
  [48/87] Geocoding: 'LETTER'
  [FAIL] Could not place 'LETTER' (see geocode_failures.csv)
  [49/87] Geocoding: 'DHPORA'
  [FAIL] Could not place 'DHPORA' (see geocode_failures.csv)
  [50/87] Geocoding: 'TANGDAR'
  [FAIL] Could not place 'TANGDAR' (see geocode_failures.csv)
  [51/87] Geocoding: 'RASOO'
  [FAIL] Could not place 'RASOO' (see geocode_failures.csv)
  [52/87] Geocoding: 'TARTHPORA'
  [FAIL] Could not place 'TARTHPORA' (see geocode_failures.csv)
  [53/87] Geocoding: 'BEERU'
  [FAIL] Could not place 'BEERU' (see geocode_failures.csv)
  [54/87] Geocoding: 'AIRPORT'
  [OK] AIRPORT -> 33.99340, 74.77520
  [55/87] Geocoding: 'SANGERWANI'
  [FAIL] Could not place 'SANGERWANI' (see geocode_failures.csv)
  [56/87] Geocoding: 'TRC SRINAGAR'
  [OK] TRC SRINAGAR -> 34.07470, 74.82470
  [57/87] Geocoding: 'ACHGUZE'
  [FAIL] Could not place 'ACHGUZE' (see geocode_failures.csv)
  [58/87] Geocoding: 'DARDPORA'
  [FAIL] Could not place 'DARDPORA' (see geocode_failures.csv)
  [59/87] Geocoding: 'TRAL DADSUR'
  [FAIL] Could not place 'TRAL DADSUR' (see geocode_failures.csv)
  [60/87] Geocoding: 'LETTAR'
  [FAIL] Could not place 'LETTAR' (see geocode_failures.csv)
  [61/87] Geocoding: 'CHAKIL PORA'
  [FAIL] Could not place 'CHAKIL PORA' (see geocode_failures.csv)
  [62/87] Geocoding: 'PAKHERPORA'
  [FAIL] Could not place 'PAKHERPORA' (see geocode_failures.csv)
  [63/87] Geocoding: 'KACHOO'
  [FAIL] Could not place 'KACHOO' (see geocode_failures.csv)
  [64/87] Geocoding: 'HEFF'
  [FAIL] Could not place 'HEFF' (see geocode_failures.csv)
  [65/87] Geocoding: 'GAGULDARA'
  [FAIL] Could not place 'GAGULDARA' (see geocode_failures.csv)
  [66/87] Geocoding: 'SAFAPORA GBL'
  [FAIL] Could not place 'SAFAPORA GBL' (see geocode_failures.csv)
  [67/87] Geocoding: 'KAPRIN'
  [FAIL] Could not place 'KAPRIN' (see geocode_failures.csv)
  [68/87] Geocoding: 'KHERUM'
  [FAIL] Could not place 'KHERUM' (see geocode_failures.csv)
  [69/87] Geocoding: 'BY PASS'
  [FAIL] Could not place 'BY PASS' (see geocode_failures.csv)
  [70/87] Geocoding: 'ABOORA'
  [FAIL] Could not place 'ABOORA' (see geocode_failures.csv)
  [71/87] Geocoding: 'GULABAGH'
  [FAIL] Could not place 'GULABAGH' (see geocode_failures.csv)
  [72/87] Geocoding: 'ZALOORA'
  [FAIL] Could not place 'ZALOORA' (see geocode_failures.csv)
  [73/87] Geocoding: 'VIJIPOPRA'
  [FAIL] Could not place 'VIJIPOPRA' (see geocode_failures.csv)
  [74/87] Geocoding: 'NARISTAN'
  [FAIL] Could not place 'NARISTAN' (see geocode_failures.csv)
  [75/87] Geocoding: 'ARIN'
  [FAIL] Could not place 'ARIN' (see geocode_failures.csv)
  [76/87] Geocoding: 'KHAG'
  [FAIL] Could not place 'KHAG' (see geocode_failures.csv)
  [77/87] Geocoding: 'HARMAN'
  [FAIL] Could not place 'HARMAN' (see geocode_failures.csv)
  [78/87] Geocoding: 'KHOOR'
  [FAIL] Could not place 'KHOOR' (see geocode_failures.csv)
  [79/87] Geocoding: 'CHEWDARA'
  [FAIL] Could not place 'CHEWDARA' (see geocode_failures.csv)
  [80/87] Geocoding: 'GARKOTE'
  [FAIL] Could not place 'GARKOTE' (see geocode_failures.csv)
  [81/87] Geocoding: 'MALANGAM'
  [FAIL] Could not place 'MALANGAM' (see geocode_failures.csv)
  [82/87] Geocoding: 'KELLER'
  [FAIL] Could not place 'KELLER' (see geocode_failures.csv)
  [83/87] Geocoding: 'MAIDANAN'
  [FAIL] Could not place 'MAIDANAN' (see geocode_failures.csv)
  [84/87] Geocoding: 'RATNIPURA'
  [FAIL] Could not place 'RATNIPURA' (see geocode_failures.csv)
  [85/87] Geocoding: 'MIRPORA BUDGAM'
  [FAIL] Could not place 'MIRPORA BUDGAM' (see geocode_failures.csv)
  [86/87] Geocoding: 'SHANGLIPORA'
  [FAIL] Could not place 'SHANGLIPORA' (see geocode_failures.csv)
  [87/87] Geocoding: 'NEW KHANDA'
  [FAIL] Could not place 'NEW KHANDA' (see geocode_failures.csv)

============================================================
BUILDING MERGED OUTPUT
============================================================
[INFO] Successfully geocoded 66 routes from Other-routes.csv
[INFO] Loaded 335 existing routes from existing-routes.csv

============================================================
SUMMARY
============================================================
  Total routes in existing-routes.csv: 401
    MPV: 264
    LPV: 67
    City Bus: 38
    Regular Bus: 19
    MPS Bus: 8
    HPV: 4
    MTS Bus: 1
[DONE] Merged output saved to existing-routes.csv
[AUDIT] 85 geocode failures written to geocode_failures_other.csv (resolve these manually — they are NOT in existing-routes.csv).
[AUDIT] 103 JKRTC/Other rows dropped (no usable O/D geocode) → other_routes_dropped.csv
