[INFO] Geocoder backend: nominatim (OSM)
============================================================
OTHER-ROUTES GEOCODER — Kashmir Transit Engine
============================================================
[INFO] Loaded 208 routes from Other-routes.csv
[INFO] Filtered out 32 EBus routes (already SSCL backbone)
[INFO] Filtered out 8 MTS Bus routes (out of bounding box)
[INFO] Remaining: 168 routes to geocode
[INFO] Found 116 unique locations
[INFO] Already cached: 5
[INFO] Need to geocode: 111
  [1/111] Geocoding: 'KHREW'
  [OK] KHREW -> 34.01985, 74.99954
  [2/111] Geocoding: 'KAMALKOTE'
  [FAIL] Could not place 'KAMALKOTE' (see geocode_failures.csv)
  [3/111] Geocoding: 'BARAMULA'
  [OK] BARAMULA -> 34.20869, 74.34350
  [4/111] Geocoding: 'PHALGAM'
  [FAIL] Could not place 'PHALGAM' (see geocode_failures.csv)
  [5/111] Geocoding: 'RATNIPORA'
  [OK] RATNIPORA -> 33.91916, 74.94381
  [6/111] Geocoding: 'VAILO'
  [FAIL] Could not place 'VAILO' (see geocode_failures.csv)
  [7/111] Geocoding: 'SHOPIAN'
  [OK] SHOPIAN -> 33.71881, 74.83333
  [8/111] Geocoding: 'HARWAN'
  [OK] HARWAN -> 34.15961, 74.90424
  [9/111] Geocoding: 'TRAL NOWDAL'
  [OK] TRAL NOWDAL -> 33.92811, 75.10684
  [10/111] Geocoding: 'LETTAR'
  [FAIL] Could not place 'LETTAR' (see geocode_failures.csv)
  [11/111] Geocoding: 'ZALOORA'
  [FAIL] Could not place 'ZALOORA' (see geocode_failures.csv)
  [12/111] Geocoding: 'KATROSOO'
  [FAIL] Could not place 'KATROSOO' (see geocode_failures.csv)
  [13/111] Geocoding: 'MILYAAL'
  [FAIL] Could not place 'MILYAAL' (see geocode_failures.csv)
  [14/111] Geocoding: 'KACHOO'
  [FAIL] Could not place 'KACHOO' (see geocode_failures.csv)
  [15/111] Geocoding: 'YARIPORA'
  [OK] YARIPORA -> 33.72244, 75.01689
  [16/111] Geocoding: 'MIRPORA BUDGAM'
  [FAIL] Could not place 'MIRPORA BUDGAM' (see geocode_failures.csv)
  [17/111] Geocoding: 'CHOWGUND'
  [FAIL] Could not place 'CHOWGUND' (see geocode_failures.csv)
  [18/111] Geocoding: 'KOIL'
  [FAIL] Could not place 'KOIL' (see geocode_failures.csv)
  [19/111] Geocoding: 'GARKOTE'
  [FAIL] Could not place 'GARKOTE' (see geocode_failures.csv)
  [20/111] Geocoding: 'LAMMER'
  [FAIL] Could not place 'LAMMER' (see geocode_failures.csv)
  [21/111] Geocoding: 'RATNIPURA'
  [FAIL] Could not place 'RATNIPURA' (see geocode_failures.csv)
  [22/111] Geocoding: 'NEW KHANDA'
  [FAIL] Could not place 'NEW KHANDA' (see geocode_failures.csv)
  [23/111] Geocoding: 'PARIWAN'
  [FAIL] Could not place 'PARIWAN' (see geocode_failures.csv)
  [24/111] Geocoding: 'TREHGAM KUP'
  [FAIL] Could not place 'TREHGAM KUP' (see geocode_failures.csv)
  [25/111] Geocoding: 'KUPWARA'
  [OK] KUPWARA -> 34.61102, 74.23848
  [26/111] Geocoding: 'MAIDANAN'
  [FAIL] Could not place 'MAIDANAN' (see geocode_failures.csv)
  [27/111] Geocoding: 'CHAKIL PORA'
  [FAIL] Could not place 'CHAKIL PORA' (see geocode_failures.csv)
  [28/111] Geocoding: 'SEDOW'
  [FAIL] Could not place 'SEDOW' (see geocode_failures.csv)
  [29/111] Geocoding: 'SAFAPORA GBL'
  [FAIL] Could not place 'SAFAPORA GBL' (see geocode_failures.csv)
  [30/111] Geocoding: 'LOOLPORA'
  [FAIL] Could not place 'LOOLPORA' (see geocode_failures.csv)
  [31/111] Geocoding: 'CHOWKIBAL'
  [OK] CHOWKIBAL -> 34.52207, 74.18503
  [32/111] Geocoding: 'SOGAM'
  [OK] SOGAM -> 34.49704, 74.37746
  [33/111] Geocoding: 'RASOO'
  [FAIL] Could not place 'RASOO' (see geocode_failures.csv)
  [34/111] Geocoding: 'GAZRIYAL'
  [FAIL] Could not place 'GAZRIYAL' (see geocode_failures.csv)
  [35/111] Geocoding: 'SHANGUS'
  [OK] SHANGUS -> 33.74372, 75.35013
  [36/111] Geocoding: 'DARDPORA'
  [FAIL] Could not place 'DARDPORA' (see geocode_failures.csv)
  [37/111] Geocoding: 'ZACHALDAR'
  [FAIL] Could not place 'ZACHALDAR' (see geocode_failures.csv)
  [38/111] Geocoding: 'GAGULDARA'
  [FAIL] Could not place 'GAGULDARA' (see geocode_failures.csv)
  [39/111] Geocoding: 'URI BARAMULLA'
  [OK] URI BARAMULLA -> 34.14451, 74.18575
  [40/111] Geocoding: 'KAPRIN'
  [FAIL] Could not place 'KAPRIN' (see geocode_failures.csv)
  [41/111] Geocoding: 'BANKOOT'
  [FAIL] Could not place 'BANKOOT' (see geocode_failures.csv)
  [42/111] Geocoding: 'SOPORE'
  [OK] SOPORE -> 34.28691, 74.46257
  [43/111] Geocoding: 'BOTINGUE'
  [FAIL] Could not place 'BOTINGUE' (see geocode_failures.csv)
  [44/111] Geocoding: 'HAJIN'
  [OK] HAJIN -> 34.28722, 74.61989
  [45/111] Geocoding: 'NAMBIA'
  [FAIL] Could not place 'NAMBIA' (see geocode_failures.csv)
  [46/111] Geocoding: 'ZURHAMA'
  [FAIL] Could not place 'ZURHAMA' (see geocode_failures.csv)
  [47/111] Geocoding: 'PULWAMA'
  [OK] PULWAMA -> 33.87569, 74.90031
  [48/111] Geocoding: 'BY PASS'
  [FAIL] Could not place 'BY PASS' (see geocode_failures.csv)
  [49/111] Geocoding: 'NARWARA BUDGAM'
  [FAIL] Could not place 'NARWARA BUDGAM' (see geocode_failures.csv)
  [50/111] Geocoding: 'MATIGAWRAN'
  [FAIL] Could not place 'MATIGAWRAN' (see geocode_failures.csv)
  [51/111] Geocoding: 'BANDIPORA'
  [OK] BANDIPORA -> 34.42324, 74.63596
  [52/111] Geocoding: 'SHEIKHPORA KAKUTHAL'
  [FAIL] Could not place 'SHEIKHPORA KAKUTHAL' (see geocode_failures.csv)
  [53/111] Geocoding: 'QAZIGUND'
  [OK] QAZIGUND -> 33.58867, 75.15803
  [54/111] Geocoding: 'RAILWAY'
  [OK] RAILWAY -> 34.02572, 74.82519
  [55/111] Geocoding: 'KUPWRA'
  [FAIL] Could not place 'KUPWRA' (see geocode_failures.csv)
  [56/111] Geocoding: 'ANANTNAGH'
  [FAIL] Could not place 'ANANTNAGH' (see geocode_failures.csv)
  [57/111] Geocoding: 'CHADOORA'
  [OK] CHADOORA -> 33.94373, 74.79867
  [58/111] Geocoding: 'BEERU'
  [FAIL] Could not place 'BEERU' (see geocode_failures.csv)
  [59/111] Geocoding: 'PAKHERPORA'
  [FAIL] Could not place 'PAKHERPORA' (see geocode_failures.csv)
  [60/111] Geocoding: 'ARIN'
  [FAIL] Could not place 'ARIN' (see geocode_failures.csv)
  [61/111] Geocoding: 'FATHGATH'
  [FAIL] Could not place 'FATHGATH' (see geocode_failures.csv)
  [62/111] Geocoding: 'UTTERSOO'
  [FAIL] Could not place 'UTTERSOO' (see geocode_failures.csv)
  [63/111] Geocoding: 'ABOORA'
  [FAIL] Could not place 'ABOORA' (see geocode_failures.csv)
  [64/111] Geocoding: 'SRINAGAR'
  [OK] SRINAGAR -> 34.07474, 74.82044
  [65/111] Geocoding: 'HARMAN'
  [FAIL] Could not place 'HARMAN' (see geocode_failures.csv)
  [66/111] Geocoding: 'CHEWDARA'
  [FAIL] Could not place 'CHEWDARA' (see geocode_failures.csv)
  [67/111] Geocoding: 'DEVSUR'
  [FAIL] Could not place 'DEVSUR' (see geocode_failures.csv)
  [68/111] Geocoding: 'LETTER'
  [FAIL] Could not place 'LETTER' (see geocode_failures.csv)
  [69/111] Geocoding: 'ACHGUZE'
  [FAIL] Could not place 'ACHGUZE' (see geocode_failures.csv)
  [70/111] Geocoding: 'KHOOR'
  [FAIL] Could not place 'KHOOR' (see geocode_failures.csv)
  [71/111] Geocoding: 'DHPORA'
  [FAIL] Could not place 'DHPORA' (see geocode_failures.csv)
  [72/111] Geocoding: 'BUGAM'
  [FAIL] Could not place 'BUGAM' (see geocode_failures.csv)
  [73/111] Geocoding: 'TANGMARG'
  [OK] TANGMARG -> 34.05826, 74.42275
  [74/111] Geocoding: 'RATSUN'
  [FAIL] Could not place 'RATSUN' (see geocode_failures.csv)
  [75/111] Geocoding: 'NARISTAN'
  [FAIL] Could not place 'NARISTAN' (see geocode_failures.csv)
  [76/111] Geocoding: 'PINGLISH'
  [FAIL] Could not place 'PINGLISH' (see geocode_failures.csv)
  [77/111] Geocoding: 'ARIZAL'
  [FAIL] Could not place 'ARIZAL' (see geocode_failures.csv)
  [78/111] Geocoding: 'CHARISHREEF'
  [FAIL] Could not place 'CHARISHREEF' (see geocode_failures.csv)
  [79/111] Geocoding: 'SANGERWANI'
  [FAIL] Could not place 'SANGERWANI' (see geocode_failures.csv)
  [80/111] Geocoding: 'MALANGAM'
  [FAIL] Could not place 'MALANGAM' (see geocode_failures.csv)
  [81/111] Geocoding: 'SAFAPORA SUMBAL'
  [FAIL] Could not place 'SAFAPORA SUMBAL' (see geocode_failures.csv)
  [82/111] Geocoding: 'GUND'
  [OK] GUND -> 34.25812, 75.08881
  [83/111] Geocoding: 'KARHAMA'
  [FAIL] Could not place 'KARHAMA' (see geocode_failures.csv)
  [84/111] Geocoding: 'KUPWARA DAY'
  [FAIL] Could not place 'KUPWARA DAY' (see geocode_failures.csv)
  [85/111] Geocoding: 'KAPRUN'
  [FAIL] Could not place 'KAPRUN' (see geocode_failures.csv)
  [86/111] Geocoding: 'KHERUM'
  [FAIL] Could not place 'KHERUM' (see geocode_failures.csv)
  [87/111] Geocoding: 'KULGAM'
  [OK] KULGAM -> 33.64469, 75.01884
  [88/111] Geocoding: 'MAWAN'
  [FAIL] Could not place 'MAWAN' (see geocode_failures.csv)
  [89/111] Geocoding: 'BADERKOTE'
  [FAIL] Could not place 'BADERKOTE' (see geocode_failures.csv)
  [90/111] Geocoding: 'KHAG'
  [FAIL] Could not place 'KHAG' (see geocode_failures.csv)
  [91/111] Geocoding: 'HANDWARA'
  [OK] HANDWARA -> 34.39931, 74.28274
  [92/111] Geocoding: 'PASTHOON'
  [FAIL] Could not place 'PASTHOON' (see geocode_failures.csv)
  [93/111] Geocoding: 'WASOORA'
  [FAIL] Could not place 'WASOORA' (see geocode_failures.csv)
  [94/111] Geocoding: 'HEFF'
  [FAIL] Could not place 'HEFF' (see geocode_failures.csv)
  [95/111] Geocoding: 'TANGDAR'
  [FAIL] Could not place 'TANGDAR' (see geocode_failures.csv)
  [96/111] Geocoding: 'NEHAMA'
  [FAIL] Could not place 'NEHAMA' (see geocode_failures.csv)
  [97/111] Geocoding: 'KAPWARA'
  [FAIL] Could not place 'KAPWARA' (see geocode_failures.csv)
  [98/111] Geocoding: 'GULABAGH'
  [FAIL] Could not place 'GULABAGH' (see geocode_failures.csv)
  [99/111] Geocoding: 'TRAL DADSUR'
  [FAIL] Could not place 'TRAL DADSUR' (see geocode_failures.csv)
  [100/111] Geocoding: 'BARAMULLA'
  [OK] BARAMULLA -> 34.20869, 74.34350
  [101/111] Geocoding: 'HAFTNAR'
  [FAIL] Could not place 'HAFTNAR' (see geocode_failures.csv)
  [102/111] Geocoding: 'KHULL AHMADABAD'
  [FAIL] Could not place 'KHULL AHMADABAD' (see geocode_failures.csv)
  [103/111] Geocoding: 'VIJIPOPRA'
  [FAIL] Could not place 'VIJIPOPRA' (see geocode_failures.csv)
  [104/111] Geocoding: 'IJARA'
  [FAIL] Could not place 'IJARA' (see geocode_failures.csv)
  [105/111] Geocoding: 'BADRUN'
  [FAIL] Could not place 'BADRUN' (see geocode_failures.csv)
  [106/111] Geocoding: 'TARTHPORA'
  [FAIL] Could not place 'TARTHPORA' (see geocode_failures.csv)
  [107/111] Geocoding: 'KELLER'
  [FAIL] Could not place 'KELLER' (see geocode_failures.csv)
  [108/111] Geocoding: 'PEHILPORA'
  [FAIL] Could not place 'PEHILPORA' (see geocode_failures.csv)
  [109/111] Geocoding: 'ISGANDERPORA'
  [FAIL] Could not place 'ISGANDERPORA' (see geocode_failures.csv)
  [110/111] Geocoding: 'SHANGLIPORA'
  [FAIL] Could not place 'SHANGLIPORA' (see geocode_failures.csv)
  [111/111] Geocoding: 'URI'
  [OK] URI -> 34.14451, 74.18575

============================================================
BUILDING MERGED OUTPUT
============================================================
[INFO] Successfully geocoded 65 routes from Other-routes.csv
[INFO] Loaded 335 existing routes from existing-routes.csv

============================================================
SUMMARY
============================================================
  Total routes in existing-routes.csv: 400
    MPV: 264
    LPV: 67
    City Bus: 38
    Regular Bus: 19
    MPS Bus: 8
    HPV: 4
[DONE] Merged output saved to existing-routes.csv
[AUDIT] 85 geocode failures written to geocode_failures_other.csv (resolve these manually — they are NOT in existing-routes.csv).
[AUDIT] 103 JKRTC/Other rows dropped (no usable O/D geocode) → other_routes_dropped.csv
